// Jest Snapshot v1, https://goo.gl/fbAQLP

exports[`get snapshot testing 1`] = `
Array [
  Object {
    "README": "SPREADSHEET FOR TESTING",
    "items": Array [
      Object {
        "amount": Object {
          "inputCurrency": "USD",
          "number": 108.553,
          "outputCurrency": "JPY",
          "raw": 1,
          "value": "¥108.55",
        },
        "date": "2021-03-11T14:19:57.900Z",
        "id": "2021-03-11-Z2lx9rw",
        "memo": "Memo 3",
        "meta": Object {
          "id": "2021-03-11-ZOUAwW",
          "type": "checked",
        },
        "to": "USD TO",
        "url": "https://example.com/C",
      },
      Object {
        "amount": Object {
          "inputCurrency": "JPY",
          "number": 100,
          "outputCurrency": "JPY",
          "raw": 100,
          "value": "100",
        },
        "date": "2021-02-14T08:37:13.194Z",
        "id": "2021-02-14-ZS9okG",
        "memo": "Memo 2",
        "meta": Object {
          "type": "checked",
        },
        "to": "to philan",
        "url": "https://philan.net",
      },
      Object {
        "amount": Object {
          "inputCurrency": "JPY",
          "number": 100,
          "outputCurrency": "JPY",
          "raw": 100,
          "value": "100",
        },
        "date": "2021-02-14T08:07:07.947Z",
        "id": "2021-02-14-Z1gUQfD",
        "memo": "Memo 1",
        "meta": Object {
          "type": "checked",
        },
        "to": "寄付先",
        "url": "https://example.com/A",
      },
    ],
    "stats": Object {
      "balance": Object {
        "raw": 99691.447,
        "value": "¥99,691.45",
      },
      "budget": Object {
        "raw": 100000,
        "value": "¥100,000.00",
      },
      "used": Object {
        "raw": 308.553,
        "value": "¥308.55",
      },
    },
    "year": "2021",
  },
  Object {
    "README": "SPREADSHEET FOR TESTING",
    "items": Array [
      Object {
        "amount": Object {
          "inputCurrency": "JPY",
          "number": 2020,
          "outputCurrency": "JPY",
          "raw": 2020,
          "value": "2020",
        },
        "date": "2020-12-01T08:07:07.947Z",
        "id": "2020-12-01-Z14uIfN",
        "memo": "Memo 2 @ 2020",
        "meta": Object {
          "type": "checked",
        },
        "to": "2020 donation 2",
        "url": "https://example.com/",
      },
      Object {
        "amount": Object {
          "inputCurrency": "JPY",
          "number": 2020,
          "outputCurrency": "JPY",
          "raw": 2020,
          "value": "2020",
        },
        "date": "2020-01-01T08:07:07.947Z",
        "id": "2020-01-01-Z20nzFG",
        "memo": "Memo 1 @ 2020",
        "meta": Object {
          "type": "checked",
        },
        "to": "2020 donation 1",
        "url": "https://example.com/",
      },
    ],
    "stats": Object {
      "balance": Object {
        "raw": 99691.447,
        "value": "¥99,691.45",
      },
      "budget": Object {
        "raw": 100000,
        "value": "¥100,000.00",
      },
      "used": Object {
        "raw": 308.553,
        "value": "¥308.55",
      },
    },
    "year": "2020",
  },
]
`;
